[
  {
    "action": "BUY",
    "conviction": 0.85,
    "key_indicators": {
      "aroon_osc": 60.0,
      "atr": 2.423877,
      "covar_proxy": 0.103,
      "current_ratio": NaN,
      "dividend_yield": 0.005,
      "edge_ratio": NaN,
      "forecast_30d_pct": 0.06,
      "forecast_is_fallback": 0.0,
      "garch_vol": 0.188387,
      "kelly_raw": 0.01274,
      "kelly_raw_was_capped": 0.0,
      "kelly_target_post_regime": 0.01274,
      "kelly_target_pre_regime": 0.017694,
      "lowvol_z": 0.175786,
      "macd_line": 0.770135,
      "mae": NaN,
      "max_drawdown": -0.165164,
      "meta_label_composite": 1.0,
      "mfe": NaN,
      "multifactor_composite": -0.014878,
      "news_sentiment": NaN,
      "quality_z": 1.271427,
      "realized_slippage": NaN,
      "regime_multiplier": 0.72,
      "rs_vs_spy": NaN,
      "rsi": 50.939492,
      "rsi_2": 60.857239,
      "score": 75.0,
      "size_z": -1.078495,
      "sortino": -0.076639,
      "unrealized_pl_pct": 25.0,
      "value_z": -0.42823,
      "xsec_12_1m": -0.062063,
      "xsec_momentum_rank": 0.285714
    },
    "rationale": "AAPL: Accumulate a new position. The multi-signal composite score is 75/100 (strongly bullish; regime: RISK ON); the 30-day blended forecast implies 6.0% upside (target $157.67 vs current $148.75); existing position shows a 25.0% unrealised gain on a dividend-adjusted cost basis ($0 cumulative dividends received). (Raw strategy signal: STRONG BUY.)",
    "suggested_exit_pct": 0.0,
    "suggested_position_pct": 0.05,
    "symbol": "AAPL"
  },
  {
    "action": "SELL",
    "conviction": 0.65,
    "key_indicators": {
      "aroon_osc": -48.0,
      "atr": 0.230968,
      "covar_proxy": 0.103,
      "current_ratio": NaN,
      "dividend_yield": 0.0,
      "edge_ratio": NaN,
      "forecast_30d_pct": -0.05,
      "forecast_is_fallback": 0.0,
      "garch_vol": 0.255891,
      "kelly_raw": 0.009379,
      "kelly_raw_was_capped": 0.0,
      "kelly_target_post_regime": 0.009379,
      "kelly_target_pre_regime": 0.013026,
      "lowvol_z": -0.753837,
      "macd_line": -0.118011,
      "mae": NaN,
      "max_drawdown": -0.57979,
      "meta_label_composite": 1.0,
      "mfe": NaN,
      "multifactor_composite": -0.114243,
      "news_sentiment": NaN,
      "quality_z": -1.39299,
      "realized_slippage": NaN,
      "regime_multiplier": 0.72,
      "rs_vs_spy": NaN,
      "rsi": 38.714899,
      "rsi_2": 50.607792,
      "score": 5.0,
      "size_z": 1.226533,
      "sortino": -4.472782,
      "unrealized_pl_pct": 0.0,
      "value_z": 0.463323,
      "xsec_12_1m": -0.562796,
      "xsec_momentum_rank": 0.142857
    },
    "rationale": "INTC: Exit or reduce the position. The multi-signal composite score is 5/100 (bearish; regime: RISK ON); the 30-day blended forecast implies 5.0% downside (target $11.49 vs current $12.10); Aroon oscillator (-48) indicates a choppy/neutral trend. (Raw strategy signal: RISK REDUCE.)",
    "suggested_exit_pct": 0.0,
    "suggested_position_pct": 0.0,
    "symbol": "INTC"
  },
  {
    "action": "BUY",
    "conviction": 0.7,
    "key_indicators": {
      "aroon_osc": -40.0,
      "atr": 2.131718,
      "covar_proxy": 0.103,
      "current_ratio": NaN,
      "dividend_yield": 0.03,
      "edge_ratio": NaN,
      "forecast_30d_pct": 0.01,
      "forecast_is_fallback": 0.0,
      "garch_vol": 0.106058,
      "kelly_raw": 0.022629,
      "kelly_raw_was_capped": 0.0,
      "kelly_target_post_regime": 0.022629,
      "kelly_target_pre_regime": 0.031429,
      "lowvol_z": 1.145183,
      "macd_line": -1.628923,
      "mae": NaN,
      "max_drawdown": -0.088331,
      "meta_label_composite": 1.0,
      "mfe": NaN,
      "multifactor_composite": 0.455749,
      "news_sentiment": NaN,
      "quality_z": -0.249104,
      "realized_slippage": NaN,
      "regime_multiplier": 0.72,
      "rs_vs_spy": NaN,
      "rsi": 26.856854,
      "rsi_2": 4.6727,
      "score": 60.0,
      "size_z": 0.564726,
      "sortino": -0.501189,
      "unrealized_pl_pct": 0.0,
      "value_z": 0.362191,
      "xsec_12_1m": 0.017228,
      "xsec_momentum_rank": 0.714286
    },
    "rationale": "JNJ: Accumulate a new position. The multi-signal composite score is 60/100 (moderately bullish; regime: RISK ON); the 30-day blended forecast implies 1.0% upside (target $146.05 vs current $144.61); Aroon oscillator (-40) indicates a choppy/neutral trend. (Raw strategy signal: BUY.)",
    "suggested_exit_pct": 0.0,
    "suggested_position_pct": 0.05,
    "symbol": "JNJ"
  },
  {
    "action": "SELL",
    "conviction": 0.8,
    "key_indicators": {
      "aroon_osc": -72.0,
      "atr": 0.689733,
      "covar_proxy": 0.103,
      "current_ratio": NaN,
      "dividend_yield": 0.031,
      "edge_ratio": NaN,
      "forecast_30d_pct": -0.07,
      "forecast_is_fallback": 0.0,
      "garch_vol": 0.123859,
      "kelly_raw": 0.019377,
      "kelly_raw_was_capped": 0.0,
      "kelly_target_post_regime": 0.019377,
      "kelly_target_pre_regime": 0.026912,
      "lowvol_z": 0.960623,
      "macd_line": -0.561409,
      "mae": NaN,
      "max_drawdown": -0.136412,
      "meta_label_composite": 1.0,
      "mfe": NaN,
      "multifactor_composite": 0.390959,
      "news_sentiment": NaN,
      "quality_z": -0.053806,
      "realized_slippage": NaN,
      "regime_multiplier": 0.72,
      "rs_vs_spy": NaN,
      "rsi": 39.590378,
      "rsi_2": 52.052515,
      "score": 50.0,
      "size_z": 0.876955,
      "sortino": -1.384645,
      "unrealized_pl_pct": -12.968025,
      "value_z": -0.219936,
      "xsec_12_1m": -0.057497,
      "xsec_momentum_rank": 0.428571
    },
    "rationale": "KO: Exit or reduce the position. The multi-signal composite score is 50/100 (neutral; regime: RISK ON); the 30-day blended forecast implies 7.0% downside (target $46.04 vs current $49.51); Position is -13.0% below the dividend-adjusted cost basis and the 30-day forecast implies further downside. Cutting losses is warranted. (Raw strategy signal: HOLD.)",
    "suggested_exit_pct": 1.0,
    "suggested_position_pct": 0.0,
    "symbol": "KO"
  },
  {
    "action": "BUY",
    "conviction": 0.7,
    "key_indicators": {
      "aroon_osc": 60.0,
      "atr": 5.273216,
      "covar_proxy": 0.103,
      "current_ratio": NaN,
      "dividend_yield": 0.008,
      "edge_ratio": 0.127908,
      "forecast_30d_pct": 0.0,
      "forecast_is_fallback": 0.0,
      "garch_vol": 0.185178,
      "kelly_raw": 0.012961,
      "kelly_raw_was_capped": 0.0,
      "kelly_target_post_regime": 0.012961,
      "kelly_target_pre_regime": 0.018001,
      "lowvol_z": 0.339413,
      "macd_line": 1.305017,
      "mae": 0.118202,
      "max_drawdown": -0.172645,
      "meta_label_composite": 1.0,
      "mfe": 0.015119,
      "multifactor_composite": -0.257358,
      "news_sentiment": NaN,
      "quality_z": 0.22519,
      "realized_slippage": 0.0757,
      "regime_multiplier": 0.72,
      "rs_vs_spy": NaN,
      "rsi": 54.518316,
      "rsi_2": 79.506674,
      "score": 55.0,
      "size_z": -1.13526,
      "sortino": 0.268109,
      "unrealized_pl_pct": 7.014912,
      "value_z": -0.458777,
      "xsec_12_1m": -0.027633,
      "xsec_momentum_rank": 0.571429
    },
    "rationale": "MSFT: Accumulate a new position. The multi-signal composite score is 55/100 (moderately bullish; regime: RISK ON); the 30-day blended forecast implies 0.0% upside (target $321.53 vs current $321.53); existing position shows a 7.0% unrealised gain on a dividend-adjusted cost basis ($40 cumulative dividends received). (Raw strategy signal: BUY.)",
    "suggested_exit_pct": 0.0,
    "suggested_position_pct": 0.05,
    "symbol": "MSFT"
  },
  {
    "action": "BUY",
    "conviction": 0.85,
    "key_indicators": {
      "aroon_osc": -48.0,
      "atr": 7.807681,
      "covar_proxy": 0.103,
      "current_ratio": NaN,
      "dividend_yield": 0.0003,
      "edge_ratio": NaN,
      "forecast_30d_pct": 0.08,
      "forecast_is_fallback": 0.0,
      "garch_vol": 0.315305,
      "kelly_raw": 0.007612,
      "kelly_raw_was_capped": 0.0,
      "kelly_target_post_regime": 0.007612,
      "kelly_target_pre_regime": 0.010572,
      "lowvol_z": -1.742357,
      "macd_line": 3.153544,
      "mae": NaN,
      "max_drawdown": -0.124947,
      "meta_label_composite": 1.0,
      "mfe": NaN,
      "multifactor_composite": -0.562109,
      "news_sentiment": NaN,
      "quality_z": 1.173778,
      "realized_slippage": NaN,
      "regime_multiplier": 0.72,
      "rs_vs_spy": NaN,
      "rsi": 45.652581,
      "rsi_2": 24.207423,
      "score": 55.0,
      "size_z": -0.880076,
      "sortino": 6.631458,
      "unrealized_pl_pct": 0.0,
      "value_z": -0.799781,
      "xsec_12_1m": 2.438581,
      "xsec_momentum_rank": 1.0
    },
    "rationale": "NVDA: Accumulate a new position. The multi-signal composite score is 55/100 (moderately bullish; regime: RISK ON); the 30-day blended forecast implies 8.0% upside (target $360.28 vs current $333.59); Aroon oscillator (-48) indicates a choppy/neutral trend. (Raw strategy signal: BUY.)",
    "suggested_exit_pct": 0.0,
    "suggested_position_pct": 0.05,
    "symbol": "NVDA"
  },
  {
    "action": "BUY",
    "conviction": 0.85,
    "key_indicators": {
      "aroon_osc": 100.0,
      "atr": 3.449878,
      "covar_proxy": 0.103,
      "current_ratio": NaN,
      "dividend_yield": 0.033,
      "edge_ratio": NaN,
      "forecast_30d_pct": 0.05,
      "forecast_is_fallback": 0.0,
      "garch_vol": 0.193986,
      "kelly_raw": 0.012372,
      "kelly_raw_was_capped": 0.0,
      "kelly_target_post_regime": 0.012372,
      "kelly_target_pre_regime": 0.017183,
      "lowvol_z": -0.124811,
      "macd_line": 1.134965,
      "mae": NaN,
      "max_drawdown": -0.134975,
      "meta_label_composite": 1.0,
      "mfe": NaN,
      "multifactor_composite": 0.10188,
      "news_sentiment": NaN,
      "quality_z": -0.974495,
      "realized_slippage": NaN,
      "regime_multiplier": 0.72,
      "rs_vs_spy": NaN,
      "rsi": 62.238208,
      "rsi_2": 95.702011,
      "score": 100.0,
      "size_z": 0.425617,
      "sortino": 4.356784,
      "unrealized_pl_pct": 0.0,
      "value_z": 1.081211,
      "xsec_12_1m": 0.535024,
      "xsec_momentum_rank": 0.857143
    },
    "rationale": "XOM: Accumulate a new position. The multi-signal composite score is 100/100 (strongly bullish; regime: RISK ON); the 30-day blended forecast implies 5.0% upside (target $212.46 vs current $202.34); Aroon oscillator (100) indicates a strong uptrend. (Raw strategy signal: STRONG BUY.)",
    "suggested_exit_pct": 0.0,
    "suggested_position_pct": 0.05,
    "symbol": "XOM"
  }
]
